lab2_solve.c:9:6:display7SEG	16	static
lab2_solve.c:106:6:ex1_init	8	static
lab2_solve.c:112:6:ex1_run	8	static
lab2_solve.c:120:6:ex2_init	8	static
lab2_solve.c:128:6:ex2_run	8	static
lab2_solve.c:171:6:update7SEG	16	static
lab2_solve.c:208:6:ex3_init	4	static
lab2_solve.c:211:6:ex3_run	8	static
lab2_solve.c:218:6:updateClockBuffer	4	static
lab2_solve.c:224:6:ex5_init	4	static
lab2_solve.c:229:6:ex5_run	8	static
lab2_solve.c:245:6:ex8_run	8	static
lab2_solve.c:252:6:updateLEDMatrix	16	static
lab2_solve.c:341:6:ex9_init	4	static
lab2_solve.c:353:6:ex9_run	8	static
